// Jest Snapshot v1, https://goo.gl/fbAQLP

exports[`freetype2 NewMemoryFace loadChar load something 1`] = `
Object {
  "bitmap": null,
  "bitmapLeft": null,
  "bitmapTop": null,
}
`;
